Admin: 0xf39Fd6e51aad88F6F4ce6aB8827279cffFb92266

1. Creating Election on Blockchain...
Election Deployed at: 0xB7A5bd0345EF1Cc5E66bf61BdeC17D2461fBd968

2. Creating Election in Backend...
Election ID: 2

3. Adding Candidate...
Candidate 'Alice' added.

4. Registering Voter...
Voter Registered: 0xa36146FA2B2551CADc0ADE5728dba3eF3ddd293c
